Archive member included to satisfy reference by file (symbol)

c:/st/stm32cubeide_1.12.1/stm32cubeide/plugins/com.st.stm32cube.ide.mcu.externaltools.gnu-tools-for-stm32.10.3-2021.10.win32_1.0.200.202301161003/tools/bin/../lib/gcc/arm-none-eabi/10.3.1/../../../../arm-none-eabi/lib/thumb/v7e-m+fp/hard\libstdc++_nano.a(guard.o)
                              ./Core/Src/main.o (__cxa_guard_acquire)
c:/st/stm32cubeide_1.12.1/stm32cubeide/plugins/com.st.stm32cube.ide.mcu.externaltools.gnu-tools-for-stm32.10.3-2021.10.win32_1.0.200.202301161003/tools/bin/../lib/gcc/arm-none-eabi/10.3.1/../../../../arm-none-eabi/lib/thumb/v7e-m+fp/hard\libc_nano.a(lib_a-exit.o)
                              c:/st/stm32cubeide_1.12.1/stm32cubeide/plugins/com.st.stm32cube.ide.mcu.externaltools.gnu-tools-for-stm32.10.3-2021.10.win32_1.0.200.202301161003/tools/bin/../lib/gcc/arm-none-eabi/10.3.1/../../../../arm-none-eabi/lib/thumb/v7e-m+fp/hard/crt0.o (exit)
c:/st/stm32cubeide_1.12.1/stm32cubeide/plugins/com.st.stm32cube.ide.mcu.externaltools.gnu-tools-for-stm32.10.3-2021.10.win32_1.0.200.202301161003/tools/bin/../lib/gcc/arm-none-eabi/10.3.1/../../../../arm-none-eabi/lib/thumb/v7e-m+fp/hard\libc_nano.a(lib_a-impure.o)
                              c:/st/stm32cubeide_1.12.1/stm32cubeide/plugins/com.st.stm32cube.ide.mcu.externaltools.gnu-tools-for-stm32.10.3-2021.10.win32_1.0.200.202301161003/tools/bin/../lib/gcc/arm-none-eabi/10.3.1/../../../../arm-none-eabi/lib/thumb/v7e-m+fp/hard\libc_nano.a(lib_a-exit.o) (_global_impure_ptr)
c:/st/stm32cubeide_1.12.1/stm32cubeide/plugins/com.st.stm32cube.ide.mcu.externaltools.gnu-tools-for-stm32.10.3-2021.10.win32_1.0.200.202301161003/tools/bin/../lib/gcc/arm-none-eabi/10.3.1/../../../../arm-none-eabi/lib/thumb/v7e-m+fp/hard\libc_nano.a(lib_a-init.o)
                              c:/st/stm32cubeide_1.12.1/stm32cubeide/plugins/com.st.stm32cube.ide.mcu.externaltools.gnu-tools-for-stm32.10.3-2021.10.win32_1.0.200.202301161003/tools/bin/../lib/gcc/arm-none-eabi/10.3.1/../../../../arm-none-eabi/lib/thumb/v7e-m+fp/hard/crt0.o (__libc_init_array)
c:/st/stm32cubeide_1.12.1/stm32cubeide/plugins/com.st.stm32cube.ide.mcu.externaltools.gnu-tools-for-stm32.10.3-2021.10.win32_1.0.200.202301161003/tools/bin/../lib/gcc/arm-none-eabi/10.3.1/../../../../arm-none-eabi/lib/thumb/v7e-m+fp/hard\libc_nano.a(lib_a-memset.o)
                              c:/st/stm32cubeide_1.12.1/stm32cubeide/plugins/com.st.stm32cube.ide.mcu.externaltools.gnu-tools-for-stm32.10.3-2021.10.win32_1.0.200.202301161003/tools/bin/../lib/gcc/arm-none-eabi/10.3.1/../../../../arm-none-eabi/lib/thumb/v7e-m+fp/hard/crt0.o (memset)
c:/st/stm32cubeide_1.12.1/stm32cubeide/plugins/com.st.stm32cube.ide.mcu.externaltools.gnu-tools-for-stm32.10.3-2021.10.win32_1.0.200.202301161003/tools/bin/../lib/gcc/arm-none-eabi/10.3.1/thumb/v7e-m+fp/hard\libgcc.a(_aeabi_uldivmod.o)
                              ./Drivers/STM32F4xx_HAL_Driver/Src/stm32f4xx_hal_rcc.o (__aeabi_uldivmod)
c:/st/stm32cubeide_1.12.1/stm32cubeide/plugins/com.st.stm32cube.ide.mcu.externaltools.gnu-tools-for-stm32.10.3-2021.10.win32_1.0.200.202301161003/tools/bin/../lib/gcc/arm-none-eabi/10.3.1/thumb/v7e-m+fp/hard\libgcc.a(_udivmoddi4.o)
                              c:/st/stm32cubeide_1.12.1/stm32cubeide/plugins/com.st.stm32cube.ide.mcu.externaltools.gnu-tools-for-stm32.10.3-2021.10.win32_1.0.200.202301161003/tools/bin/../lib/gcc/arm-none-eabi/10.3.1/thumb/v7e-m+fp/hard\libgcc.a(_aeabi_uldivmod.o) (__udivmoddi4)
c:/st/stm32cubeide_1.12.1/stm32cubeide/plugins/com.st.stm32cube.ide.mcu.externaltools.gnu-tools-for-stm32.10.3-2021.10.win32_1.0.200.202301161003/tools/bin/../lib/gcc/arm-none-eabi/10.3.1/thumb/v7e-m+fp/hard\libgcc.a(_dvmd_tls.o)
                              c:/st/stm32cubeide_1.12.1/stm32cubeide/plugins/com.st.stm32cube.ide.mcu.externaltools.gnu-tools-for-stm32.10.3-2021.10.win32_1.0.200.202301161003/tools/bin/../lib/gcc/arm-none-eabi/10.3.1/thumb/v7e-m+fp/hard\libgcc.a(_aeabi_uldivmod.o) (__aeabi_ldiv0)
c:/st/stm32cubeide_1.12.1/stm32cubeide/plugins/com.st.stm32cube.ide.mcu.externaltools.gnu-tools-for-stm32.10.3-2021.10.win32_1.0.200.202301161003/tools/bin/../lib/gcc/arm-none-eabi/10.3.1/../../../../arm-none-eabi/lib/thumb/v7e-m+fp/hard\libnosys.a(_exit.o)
                              c:/st/stm32cubeide_1.12.1/stm32cubeide/plugins/com.st.stm32cube.ide.mcu.externaltools.gnu-tools-for-stm32.10.3-2021.10.win32_1.0.200.202301161003/tools/bin/../lib/gcc/arm-none-eabi/10.3.1/../../../../arm-none-eabi/lib/thumb/v7e-m+fp/hard\libc_nano.a(lib_a-exit.o) (_exit)

Discarded input sections

 .text          0x0000000000000000        0x0 c:/st/stm32cubeide_1.12.1/stm32cubeide/plugins/com.st.stm32cube.ide.mcu.externaltools.gnu-tools-for-stm32.10.3-2021.10.win32_1.0.200.202301161003/tools/bin/../lib/gcc/arm-none-eabi/10.3.1/thumb/v7e-m+fp/hard/crti.o
[...]
Memory Configuration

Name             Origin             Length             Attributes
RAM              0x0000000020000000 0x0000000000020000 xrw
FLASH            0x0000000008000000 0x0000000000080000 xr
*default*        0x0000000000000000 0xffffffffffffffff

Linker script and memory map

LOAD c:/st/stm32cubeide_1.12.1/stm32cubeide/plugins/com.st.stm32cube.ide.mcu.externaltools.gnu-tools-for-stm32.10.3-2021.10.win32_1.0.200.202301161003/tools/bin/../lib/gcc/arm-none-eabi/10.3.1/thumb/v7e-m+fp/hard/crti.o
LOAD c:/st/stm32cubeide_1.12.1/stm32cubeide/plugins/com.st.stm32cube.ide.mcu.externaltools.gnu-tools-for-stm32.10.3-2021.10.win32_1.0.200.202301161003/tools/bin/../lib/gcc/arm-none-eabi/10.3.1/thumb/v7e-m+fp/hard/crtbegin.o
LOAD c:/st/stm32cubeide_1.12.1/stm32cubeide/plugins/com.st.stm32cube.ide.mcu.externaltools.gnu-tools-for-stm32.10.3-2021.10.win32_1.0.200.202301161003/tools/bin/../lib/gcc/arm-none-eabi/10.3.1/../../../../arm-none-eabi/lib/thumb/v7e-m+fp/hard/crt0.o
LOAD ./Core/Src/game.o
LOAD ./Core/Src/keypad.o
LOAD ./Core/Src/lcd.o
LOAD ./Core/Src/main.o
LOAD ./Core/Src/system_stm32f4xx.o
LOAD ./Core/Startup/startup_stm32f446retx.o
LOAD ./Drivers/STM32F4xx_HAL_Driver/Src/stm32f4xx_hal.o
LOAD ./Drivers/STM32F4xx_HAL_Driver/Src/stm32f4xx_hal_cortex.o
LOAD ./Drivers/STM32F4xx_HAL_Driver/Src/stm32f4xx_hal_dma.o
LOAD ./Drivers/STM32F4xx_HAL_Driver/Src/stm32f4xx_hal_dma_ex.o
LOAD ./Drivers/STM32F4xx_HAL_Driver/Src/stm32f4xx_hal_exti.o
LOAD ./Drivers/STM32F4xx_HAL_Driver/Src/stm32f4xx_hal_flash.o
LOAD ./Drivers/STM32F4xx_HAL_Driver/Src/stm32f4xx_hal_flash_ex.o
LOAD ./Drivers/STM32F4xx_HAL_Driver/Src/stm32f4xx_hal_flash_ramfunc.o
LOAD ./Drivers/STM32F4xx_HAL_Driver/Src/stm32f4xx_hal_gpio.o
LOAD ./Drivers/STM32F4xx_HAL_Driver/Src/stm32f4xx_hal_pwr.o
LOAD ./Drivers/STM32F4xx_HAL_Driver/Src/stm32f4xx_hal_pwr_ex.o
LOAD ./Drivers/STM32F4xx_HAL_Driver/Src/stm32f4xx_hal_rcc.o
LOAD ./Drivers/STM32F4xx_HAL_Driver/Src/stm32f4xx_hal_rcc_ex.o
START GROUP
LOAD c:/st/stm32cubeide_1.12.1/stm32cubeide/plugins/com.st.stm32cube.ide.mcu.externaltools.gnu-tools-for-stm32.10.3-2021.10.win32_1.0.200.202301161003/tools/bin/../lib/gcc/arm-none-eabi/10.3.1/../../../../arm-none-eabi/lib/thumb/v7e-m+fp/hard\libstdc++_nano.a
LOAD c:/st/stm32cubeide_1.12.1/stm32cubeide/plugins/com.st.stm32cube.ide.mcu.externaltools.gnu-tools-for-stm32.10.3-2021.10.win32_1.0.200.202301161003/tools/bin/../lib/gcc/arm-none-eabi/10.3.1/../../../../arm-none-eabi/lib/thumb/v7e-m+fp/hard\libsupc++_nano.a
END GROUP
LOAD c:/st/stm32cubeide_1.12.1/stm32cubeide/plugins/com.st.stm32cube.ide.mcu.externaltools.gnu-tools-for-stm32.10.3-2021.10.win32_1.0.200.202301161003/tools/bin/../lib/gcc/arm-none-eabi/10.3.1/../../../../arm-none-eabi/lib/thumb/v7e-m+fp/hard\libstdc++_nano.a
LOAD c:/st/stm32cubeide_1.12.1/stm32cubeide/plugins/com.st.stm32cube.ide.mcu.externaltools.gnu-tools-for-stm32.10.3-2021.10.win32_1.0.200.202301161003/tools/bin/../lib/gcc/arm-none-eabi/10.3.1/../../../../arm-none-eabi/lib/thumb/v7e-m+fp/hard\libm.a
LOAD c:/st/stm32cubeide_1.12.1/stm32cubeide/plugins/com.st.stm32cube.ide.mcu.externaltools.gnu-tools-for-stm32.10.3-2021.10.win32_1.0.200.202301161003/tools/bin/../lib/gcc/arm-none-eabi/10.3.1/../../../../arm-none-eabi/lib/thumb/v7e-m+fp/hard\libc_nano.a
START GROUP
LOAD c:/st/stm32cubeide_1.12.1/stm32cubeide/plugins/com.st.stm32cube.ide.mcu.externaltools.gnu-tools-for-stm32.10.3-2021.10.win32_1.0.200.202301161003/tools/bin/../lib/gcc/arm-none-eabi/10.3.1/thumb/v7e-m+fp/hard\libgcc.a
LOAD c:/st/stm32cubeide_1.12.1/stm32cubeide/plugins/com.st.stm32cube.ide.mcu.externaltools.gnu-tools-for-stm32.10.3-2021.10.win32_1.0.200.202301161003/tools/bin/../lib/gcc/arm-none-eabi/10.3.1/../../../../arm-none-eabi/lib/thumb/v7e-m+fp/hard\libc_nano.a
END GROUP
START GROUP
LOAD c:/st/stm32cubeide_1.12.1/stm32cubeide/plugins/com.st.stm32cube.ide.mcu.externaltools.gnu-tools-for-stm32.10.3-2021.10.win32_1.0.200.202301161003/tools/bin/../lib/gcc/arm-none-eabi/10.3.1/thumb/v7e-m+fp/hard\libgcc.a
LOAD c:/st/stm32cubeide_1.12.1/stm32cubeide/plugins/com.st.stm32cube.ide.mcu.externaltools.gnu-tools-for-stm32.10.3-2021.10.win32_1.0.200.202301161003/tools/bin/../lib/gcc/arm-none-eabi/10.3.1/../../../../arm-none-eabi/lib/thumb/v7e-m+fp/hard\libc_nano.a
LOAD c:/st/stm32cubeide_1.12.1/stm32cubeide/plugins/com.st.stm32cube.ide.mcu.externaltools.gnu-tools-for-stm32.10.3-2021.10.win32_1.0.200.202301161003/tools/bin/../lib/gcc/arm-none-eabi/10.3.1/../../../../arm-none-eabi/lib/thumb/v7e-m+fp/hard\libnosys.a
END GROUP
START GROUP
LOAD c:/st/stm32cubeide_1.12.1/stm32cubeide/plugins/com.st.stm32cube.ide.mcu.externaltools.gnu-tools-for-stm32.10.3-2021.10.win32_1.0.200.202301161003/tools/bin/../lib/gcc/arm-none-eabi/10.3.1/thumb/v7e-m+fp/hard\libgcc.a
LOAD c:/st/stm32cubeide_1.12.1/stm32cubeide/plugins/com.st.stm32cube.ide.mcu.externaltools.gnu-tools-for-stm32.10.3-2021.10.win32_1.0.200.202301161003/tools/bin/../lib/gcc/arm-none-eabi/10.3.1/../../../../arm-none-eabi/lib/thumb/v7e-m+fp/hard\libc_nano.a
LOAD c:/st/stm32cubeide_1.12.1/stm32cubeide/plugins/com.st.stm32cube.ide.mcu.externaltools.gnu-tools-for-stm32.10.3-2021.10.win32_1.0.200.202301161003/tools/bin/../lib/gcc/arm-none-eabi/10.3.1/../../../../arm-none-eabi/lib/thumb/v7e-m+fp/hard\libnosys.a
END GROUP
LOAD c:/st/stm32cubeide_1.12.1/stm32cubeide/plugins/com.st.stm32cube.ide.mcu.externaltools.gnu-tools-for-stm32.10.3-2021.10.win32_1.0.200.202301161003/tools/bin/../lib/gcc/arm-none-eabi/10.3.1/thumb/v7e-m+fp/hard/crtend.o
LOAD c:/st/stm32cubeide_1.12.1/stm32cubeide/plugins/com.st.stm32cube.ide.mcu.externaltools.gnu-tools-for-stm32.10.3-2021.10.win32_1.0.200.202301161003/tools/bin/../lib/gcc/arm-none-eabi/10.3.1/thumb/v7e-m+fp/hard/crtn.o
                0x0000000020020000                _estack = (ORIGIN (RAM) + LENGTH (RAM))
                0x0000000000000200                _Min_Heap_Size = 0x200
                0x0000000000000400                _Min_Stack_Size = 0x400

.isr_vector     0x0000000008000000      0x1c4
                0x0000000008000000                . = ALIGN (0x4)
 *(.isr_vector)
 .isr_vector    0x0000000008000000      0x1c4 ./Core/Startup/startup_stm32f446retx.o
                0x0000000008000000                g_pfnVectors
                0x00000000080001c4                . = ALIGN (0x4)

.text           0x00000000080001c4     0x1634
                0x00000000080001c4                . = ALIGN (0x4)
 *(.text)
 .text          0x00000000080001c4       0x40 c:/st/stm32cubeide_1.12.1/stm32cubeide/plugins/com.st.stm32cube.ide.mcu.externaltools.gnu-tools-for-stm32.10.3-2021.10.win32_1.0.200.202301161003/tools/bin/../lib/gcc/arm-none-eabi/10.3.1/thumb/v7e-m+fp/hard/crtbegin.o
 *(.text*)
 .text._ZL15UpdateGameBoardPcPA5_cPh
                0x0000000008000204       0xb8 ./Core/Src/game.o
 .text._ZL16DisplayGameBoardP3LCDPA5_c
                0x00000000080002bc       0x68 ./Core/Src/game.o
 .text._ZL21CheckForHorizontalWinPA5_c
                0x0000000008000324       0x96 ./Core/Src/game.o
 .text._ZL19CheckForVerticalWinPA5_c
                0x00000000080003ba       0x8e ./Core/Src/game.o
 .text._ZL19CheckForDiagonalWinPA5_c
                0x0000000008000448       0x82 ./Core/Src/game.o
 *fill*         0x00000000080004ca        0x2 
 .text._Z17Game_DisplayIntroP3LCD
                0x00000000080004cc       0x70 ./Core/Src/game.o
                0x00000000080004cc                Game_DisplayIntro(LCD*)
 .text._Z16Game_DisplayMenuP3LCD
                0x000000000800053c       0x70 ./Core/Src/game.o
                0x000000000800053c                Game_DisplayMenu(LCD*)
 .text._Z17Game_DisplayRulesP3LCD
                0x00000000080005ac       0xd4 ./Core/Src/game.o
                0x00000000080005ac                Game_DisplayRules(LCD*)
 .text._Z10Game_StartP3LCDP6Keypad
                0x0000000008000680      0x10c ./Core/Src/game.o
                0x0000000008000680                Game_Start(LCD*, Keypad*)
 .text._ZN6Keypad9SelectRowEh
                0x000000000800078c       0x70 ./Core/Src/keypad.o
                0x000000000800078c                Keypad::SelectRow(unsigned char)
 .text._ZN6Keypad11IsDebouncedEh
                0x00000000080007fc       0x7c ./Core/Src/keypad.o
                0x00000000080007fc                Keypad::IsDebounced(unsigned char)
 .text._ZN6KeypadC2EP11pinStruct_tS1_
                0x0000000008000878      0x192 ./Core/Src/keypad.o
                0x0000000008000878                Keypad::Keypad(pinStruct_t*, pinStruct_t*)
                0x0000000008000878                Keypad::Keypad(pinStruct_t*, pinStruct_t*)
 *fill*         0x0000000008000a0a        0x2 
 .text._ZN6Keypad17GetCharShortPressEv
                0x0000000008000a0c       0xe0 ./Core/Src/keypad.o
                0x0000000008000a0c                Keypad::GetCharShortPress()
 .text._ZN3LCD11WriteNibbleEch
                0x0000000008000aec       0xbc ./Core/Src/lcd.o
                0x0000000008000aec                LCD::WriteNibble(char, unsigned char)
 .text._ZN3LCD9WriteByteE13GPIO_PinStatec
                0x0000000008000ba8       0x40 ./Core/Src/lcd.o
                0x0000000008000ba8                LCD::WriteByte(GPIO_PinState, char)
 .text._ZN3LCD10WriteBytesEPKc
                0x0000000008000be8       0x30 ./Core/Src/lcd.o
                0x0000000008000be8                LCD::WriteBytes(char const*)
 .text._ZN3LCDC2EP11pinStruct_tS1_S1_S1_S1_S1_
                0x0000000008000c18      0x190 ./Core/Src/lcd.o
                0x0000000008000c18                LCD::LCD(pinStruct_t*, pinStruct_t*, pinStruct_t*, pinStruct_t*, pinStruct_t*, pinStruct_t*)
                0x0000000008000c18                LCD::LCD(pinStruct_t*, pinStruct_t*, pinStruct_t*, pinStruct_t*, pinStruct_t*, pinStruct_t*)
 .text._ZN3LCD9SetCursorEhh
                0x0000000008000da8       0x50 ./Core/Src/lcd.o
                0x0000000008000da8                LCD::SetCursor(unsigned char, unsigned char)
 .text._ZN3LCD5PrintEc
                0x0000000008000df8       0x20 ./Core/Src/lcd.o
                0x0000000008000df8                LCD::Print(char)
 .text._ZN3LCD5PrintEPKc
                0x0000000008000e18       0x1a ./Core/Src/lcd.o
                0x0000000008000e18                LCD::Print(char const*)
 .text._ZN3LCD5ClearEv
                0x0000000008000e32       0x1a ./Core/Src/lcd.o
                0x0000000008000e32                LCD::Clear()
 .text.main     0x0000000008000e4c      0x208 ./Core/Src/main.o
                0x0000000008000e4c                main
 .text.SysTick_Handler
                0x0000000008001054        0xc ./Core/Src/main.o
                0x0000000008001054                SysTick_Handler
 .text.SystemInit
                0x0000000008001060       0x24 ./Core/Src/system_stm32f4xx.o
                0x0000000008001060                SystemInit
 .text.Reset_Handler
                0x0000000008001084       0x50 ./Core/Startup/startup_stm32f446retx.o
                0x0000000008001084                Reset_Handler
 .text.Default_Handler
                0x00000000080010d4        0x2 ./Core/Startup/startup_stm32f446retx.o
                0x00000000080010d4                RTC_Alarm_IRQHandler
                0x00000000080010d4                EXTI2_IRQHandler
                0x00000000080010d4                TIM8_CC_IRQHandler
                0x00000000080010d4                DebugMon_Handler
                0x00000000080010d4                FMPI2C1_EV_IRQHandler
                0x00000000080010d4                SPI4_IRQHandler
                0x00000000080010d4                TIM1_CC_IRQHandler
                0x00000000080010d4                DMA2_Stream5_IRQHandler
                0x00000000080010d4                HardFault_Handler
                0x00000000080010d4                DMA1_Stream5_IRQHandler
                0x00000000080010d4                PVD_IRQHandler
                0x00000000080010d4                SDIO_IRQHandler
                0x00000000080010d4                TAMP_STAMP_IRQHandler
                0x00000000080010d4                PendSV_Handler
                0x00000000080010d4                NMI_Handler
                0x00000000080010d4                CAN2_RX1_IRQHandler
                0x00000000080010d4                EXTI3_IRQHandler
                0x00000000080010d4                TIM8_TRG_COM_TIM14_IRQHandler
                0x00000000080010d4                TIM1_UP_TIM10_IRQHandler
                0x00000000080010d4                TIM8_UP_TIM13_IRQHandler
                0x00000000080010d4                I2C3_ER_IRQHandler
                0x00000000080010d4                EXTI0_IRQHandler
                0x00000000080010d4                I2C2_EV_IRQHandler
                0x00000000080010d4                DMA1_Stream2_IRQHandler
                0x00000000080010d4                CAN1_RX0_IRQHandler
                0x00000000080010d4                FPU_IRQHandler
                0x00000000080010d4                OTG_HS_WKUP_IRQHandler
                0x00000000080010d4                UsageFault_Handler
                0x00000000080010d4                CAN2_SCE_IRQHandler
                0x00000000080010d4                DMA2_Stream2_IRQHandler
                0x00000000080010d4                SPI1_IRQHandler
                0x00000000080010d4                TIM6_DAC_IRQHandler
                0x00000000080010d4                TIM1_BRK_TIM9_IRQHandler
                0x00000000080010d4                DCMI_IRQHandler
                0x00000000080010d4                CAN2_RX0_IRQHandler
                0x00000000080010d4                DMA2_Stream3_IRQHandler
                0x00000000080010d4                SAI2_IRQHandler
                0x00000000080010d4                USART6_IRQHandler
                0x00000000080010d4                USART3_IRQHandler
                0x00000000080010d4                CAN1_RX1_IRQHandler
                0x00000000080010d4                UART5_IRQHandler
                0x00000000080010d4                DMA2_Stream0_IRQHandler
                0x00000000080010d4                TIM4_IRQHandler
                0x00000000080010d4                QUADSPI_IRQHandler
                0x00000000080010d4                I2C1_EV_IRQHandler
                0x00000000080010d4                DMA1_Stream6_IRQHandler
                0x00000000080010d4                DMA1_Stream1_IRQHandler
                0x00000000080010d4                UART4_IRQHandler
                0x00000000080010d4                TIM3_IRQHandler
                0x00000000080010d4                RCC_IRQHandler
                0x00000000080010d4                TIM8_BRK_TIM12_IRQHandler
                0x00000000080010d4                Default_Handler
                0x00000000080010d4                CEC_IRQHandler
                0x00000000080010d4                EXTI15_10_IRQHandler
                0x00000000080010d4                ADC_IRQHandler
                0x00000000080010d4                DMA1_Stream7_IRQHandler
                0x00000000080010d4                TIM7_IRQHandler
                0x00000000080010d4                CAN2_TX_IRQHandler
                0x00000000080010d4                TIM5_IRQHandler
                0x00000000080010d4                DMA2_Stream7_IRQHandler
                0x00000000080010d4                I2C3_EV_IRQHandler
                0x00000000080010d4                EXTI9_5_IRQHandler
                0x00000000080010d4                RTC_WKUP_IRQHandler
                0x00000000080010d4                SPDIF_RX_IRQHandler
                0x00000000080010d4                SPI2_IRQHandler
                0x00000000080010d4                OTG_HS_EP1_IN_IRQHandler
                0x00000000080010d4                MemManage_Handler
                0x00000000080010d4                DMA1_Stream0_IRQHandler
                0x00000000080010d4                CAN1_TX_IRQHandler
                0x00000000080010d4                SVC_Handler
                0x00000000080010d4                FMPI2C1_ER_IRQHandler
                0x00000000080010d4                EXTI4_IRQHandler
                0x00000000080010d4                OTG_HS_EP1_OUT_IRQHandler
                0x00000000080010d4                WWDG_IRQHandler
                0x00000000080010d4                TIM2_IRQHandler
                0x00000000080010d4                OTG_FS_WKUP_IRQHandler
                0x00000000080010d4                TIM1_TRG_COM_TIM11_IRQHandler
                0x00000000080010d4                OTG_HS_IRQHandler
                0x00000000080010d4                EXTI1_IRQHandler
                0x00000000080010d4                USART2_IRQHandler
                0x00000000080010d4                I2C2_ER_IRQHandler
                0x00000000080010d4                DMA2_Stream1_IRQHandler
                0x00000000080010d4                CAN1_SCE_IRQHandler
                0x00000000080010d4                FLASH_IRQHandler
                0x00000000080010d4                DMA2_Stream4_IRQHandler
                0x00000000080010d4                BusFault_Handler
                0x00000000080010d4                USART1_IRQHandler
                0x00000000080010d4                OTG_FS_IRQHandler
                0x00000000080010d4                SPI3_IRQHandler
                0x00000000080010d4                DMA1_Stream4_IRQHandler
                0x00000000080010d4                I2C1_ER_IRQHandler
                0x00000000080010d4                FMC_IRQHandler
                0x00000000080010d4                DMA2_Stream6_IRQHandler
                0x00000000080010d4                SAI1_IRQHandler
                0x00000000080010d4                DMA1_Stream3_IRQHandler
 *fill*         0x00000000080010d6        0x2 
 .text.HAL_Init
                0x00000000080010d8       0x44 ./Drivers/STM32F4xx_HAL_Driver/Src/stm32f4xx_hal.o
                0x00000000080010d8                HAL_Init
 .text.HAL_MspInit
                0x000000000800111c        0xe ./Drivers/STM32F4xx_HAL_Driver/Src/stm32f4xx_hal.o
                0x000000000800111c                HAL_MspInit
 *fill*         0x000000000800112a        0x2 
 .text.HAL_InitTick
                0x000000000800112c       0x60 ./Drivers/STM32F4xx_HAL_Driver/Src/stm32f4xx_hal.o
                0x000000000800112c                HAL_InitTick
 .text.HAL_IncTick
                0x000000000800118c       0x28 ./Drivers/STM32F4xx_HAL_Driver/Src/stm32f4xx_hal.o
                0x000000000800118c                HAL_IncTick
 .text.HAL_GetTick
                0x00000000080011b4       0x18 ./Drivers/STM32F4xx_HAL_Driver/Src/stm32f4xx_hal.o
                0x00000000080011b4                HAL_GetTick
 .text.HAL_Delay
                0x00000000080011cc       0x48 ./Drivers/STM32F4xx_HAL_Driver/Src/stm32f4xx_hal.o
                0x00000000080011cc                HAL_Delay
 .text.__NVIC_SetPriorityGrouping
                0x0000000008001214       0x48 ./Drivers/STM32F4xx_HAL_Driver/Src/stm32f4xx_hal_cortex.o
 .text.__NVIC_GetPriorityGrouping
                0x000000000800125c       0x1c ./Drivers/STM32F4xx_HAL_Driver/Src/stm32f4xx_hal_cortex.o
 .text.__NVIC_SetPriority
                0x0000000008001278       0x54 ./Drivers/STM32F4xx_HAL_Driver/Src/stm32f4xx_hal_cortex.o
 .text.NVIC_EncodePriority
                0x00000000080012cc       0x66 ./Drivers/STM32F4xx_HAL_Driver/Src/stm32f4xx_hal_cortex.o
 *fill*         0x0000000008001332        0x2 
 .text.SysTick_Config
                0x0000000008001334       0x44 ./Drivers/STM32F4xx_HAL_Driver/Src/stm32f4xx_hal_cortex.o
 .text.HAL_NVIC_SetPriorityGrouping
                0x0000000008001378       0x16 ./Drivers/STM32F4xx_HAL_Driver/Src/stm32f4xx_hal_cortex.o
                0x0000000008001378                HAL_NVIC_SetPriorityGrouping
 .text.HAL_NVIC_SetPriority
                0x000000000800138e       0x38 ./Drivers/STM32F4xx_HAL_Driver/Src/stm32f4xx_hal_cortex.o
                0x000000000800138e                HAL_NVIC_SetPriority
 .text.HAL_SYSTICK_Config
                0x00000000080013c6       0x18 ./Drivers/STM32F4xx_HAL_Driver/Src/stm32f4xx_hal_cortex.o
                0x00000000080013c6                HAL_SYSTICK_Config
 *fill*         0x00000000080013de        0x2 
 .text.HAL_GPIO_Init
                0x00000000080013e0      0x328 ./Drivers/STM32F4xx_HAL_Driver/Src/stm32f4xx_hal_gpio.o
                0x00000000080013e0                HAL_GPIO_Init
 .text.HAL_GPIO_ReadPin
                0x0000000008001708       0x30 ./Drivers/STM32F4xx_HAL_Driver/Src/stm32f4xx_hal_gpio.o
                0x0000000008001708                HAL_GPIO_ReadPin
 .text.HAL_GPIO_WritePin
                0x0000000008001738       0x32 ./Drivers/STM32F4xx_HAL_Driver/Src/stm32f4xx_hal_gpio.o
                0x0000000008001738                HAL_GPIO_WritePin
 .text.__cxa_guard_acquire
                0x000000000800176a       0x18 c:/st/stm32cubeide_1.12.1/stm32cubeide/plugins/com.st.stm32cube.ide.mcu.externaltools.gnu-tools-for-stm32.10.3-2021.10.win32_1.0.200.202301161003/tools/bin/../lib/gcc/arm-none-eabi/10.3.1/../../../../arm-none-eabi/lib/thumb/v7e-m+fp/hard\libstdc++_nano.a(guard.o)
                0x000000000800176a                __cxa_guard_acquire
 .text.__cxa_guard_release
                0x0000000008001782        0x6 c:/st/stm32cubeide_1.12.1/stm32cubeide/plugins/com.st.stm32cube.ide.mcu.externaltools.gnu-tools-for-stm32.10.3-2021.10.win32_1.0.200.202301161003/tools/bin/../lib/gcc/arm-none-eabi/10.3.1/../../../../arm-none-eabi/lib/thumb/v7e-m+fp/hard\libstdc++_nano.a(guard.o)
                0x0000000008001782                __cxa_guard_release
 .text.__libc_init_array
                0x0000000008001788       0x48 c:/st/stm32cubeide_1.12.1/stm32cubeide/plugins/com.st.stm32cube.ide.mcu.externaltools.gnu-tools-for-stm32.10.3-2021.10.win32_1.0.200.202301161003/tools/bin/../lib/gcc/arm-none-eabi/10.3.1/../../../../arm-none-eabi/lib/thumb/v7e-m+fp/hard\libc_nano.a(lib_a-init.o)
                0x0000000008001788                __libc_init_array
 .text.memset   0x00000000080017d0       0x10 c:/st/stm32cubeide_1.12.1/stm32cubeide/plugins/com.st.stm32cube.ide.mcu.externaltools.gnu-tools-for-stm32.10.3-2021.10.win32_1.0.200.202301161003/tools/bin/../lib/gcc/arm-none-eabi/10.3.1/../../../../arm-none-eabi/lib/thumb/v7e-m+fp/hard\libc_nano.a(lib_a-memset.o)
                0x00000000080017d0                memset
 *(.glue_7)
 .glue_7        0x00000000080017e0        0x0 linker stubs
 *(.glue_7t)
 .glue_7t       0x00000000080017e0        0x0 linker stubs
 *(.eh_frame)
 .eh_frame      0x00000000080017e0        0x0 c:/st/stm32cubeide_1.12.1/stm32cubeide/plugins/com.st.stm32cube.ide.mcu.externaltools.gnu-tools-for-stm32.10.3-2021.10.win32_1.0.200.202301161003/tools/bin/../lib/gcc/arm-none-eabi/10.3.1/thumb/v7e-m+fp/hard/crtbegin.o
 *(.init)
 .init          0x00000000080017e0        0x4 c:/st/stm32cubeide_1.12.1/stm32cubeide/plugins/com.st.stm32cube.ide.mcu.externaltools.gnu-tools-for-stm32.10.3-2021.10.win32_1.0.200.202301161003/tools/bin/../lib/gcc/arm-none-eabi/10.3.1/thumb/v7e-m+fp/hard/crti.o
                0x00000000080017e0                _init
 .init          0x00000000080017e4        0x8 c:/st/stm32cubeide_1.12.1/stm32cubeide/plugins/com.st.stm32cube.ide.mcu.externaltools.gnu-tools-for-stm32.10.3-2021.10.win32_1.0.200.202301161003/tools/bin/../lib/gcc/arm-none-eabi/10.3.1/thumb/v7e-m+fp/hard/crtn.o
 *(.fini)
 .fini          0x00000000080017ec        0x4 c:/st/stm32cubeide_1.12.1/stm32cubeide/plugins/com.st.stm32cube.ide.mcu.externaltools.gnu-tools-for-stm32.10.3-2021.10.win32_1.0.200.202301161003/tools/bin/../lib/gcc/arm-none-eabi/10.3.1/thumb/v7e-m+fp/hard/crti.o
                0x00000000080017ec                _fini
 .fini          0x00000000080017f0        0x8 c:/st/stm32cubeide_1.12.1/stm32cubeide/plugins/com.st.stm32cube.ide.mcu.externaltools.gnu-tools-for-stm32.10.3-2021.10.win32_1.0.200.202301161003/tools/bin/../lib/gcc/arm-none-eabi/10.3.1/thumb/v7e-m+fp/hard/crtn.o
                0x00000000080017f8                . = ALIGN (0x4)
                0x00000000080017f8                _etext = .

.vfp11_veneer   0x00000000080017f8        0x0
 .vfp11_veneer  0x00000000080017f8        0x0 linker stubs

.v4_bx          0x00000000080017f8        0x0
 .v4_bx         0x00000000080017f8        0x0 linker stubs

.iplt           0x00000000080017f8        0x0
 .iplt          0x00000000080017f8        0x0 c:/st/stm32cubeide_1.12.1/stm32cubeide/plugins/com.st.stm32cube.ide.mcu.externaltools.gnu-tools-for-stm32.10.3-2021.10.win32_1.0.200.202301161003/tools/bin/../lib/gcc/arm-none-eabi/10.3.1/thumb/v7e-m+fp/hard/crtbegin.o

.rodata         0x00000000080017f8      0x228
                0x00000000080017f8                . = ALIGN (0x4)
 *(.rodata)
 .rodata        0x00000000080017f8      0x14f ./Core/Src/game.o
 *fill*         0x0000000008001947        0x1 
 .rodata        0x0000000008001948        0x5 ./Core/Src/lcd.o
 *fill*         0x000000000800194d        0x3 
 .rodata        0x0000000008001950       0x70 ./Core/Src/main.o
 *(.rodata*)
 .rodata._ZL12keypadMatrix
                0x00000000080019c0       0x10 ./Core/Src/keypad.o
 .rodata._ZL9ddramAddr
                0x00000000080019d0       0x50 ./Core/Src/lcd.o
                0x0000000008001a20                . = ALIGN (0x4)

.rel.dyn        0x0000000008001a20        0x0
 .rel.iplt      0x0000000008001a20        0x0 c:/st/stm32cubeide_1.12.1/stm32cubeide/plugins/com.st.stm32cube.ide.mcu.externaltools.gnu-tools-for-stm32.10.3-2021.10.win32_1.0.200.202301161003/tools/bin/../lib/gcc/arm-none-eabi/10.3.1/thumb/v7e-m+fp/hard/crtbegin.o

.ARM.extab      0x0000000008001a20        0x0
                0x0000000008001a20                . = ALIGN (0x4)
 *(.ARM.extab* .gnu.linkonce.armextab.*)
                0x0000000008001a20                . = ALIGN (0x4)

.ARM            0x0000000008001a20        0x0
                0x0000000008001a20                . = ALIGN (0x4)
                0x0000000008001a20                __exidx_start = .
 *(.ARM.exidx*)
                0x0000000008001a20                __exidx_end = .
                0x0000000008001a20                . = ALIGN (0x4)

.preinit_array  0x0000000008001a20        0x0
                0x0000000008001a20                . = ALIGN (0x4)
                0x0000000008001a20                PROVIDE (__preinit_array_start = .)
 *(.preinit_array*)
                0x0000000008001a20                PROVIDE (__preinit_array_end = .)
                0x0000000008001a20                . = ALIGN (0x4)

.init_array     0x0000000008001a20        0x4
                0x0000000008001a20                . = ALIGN (0x4)
                0x0000000008001a20                PROVIDE (__init_array_start = .)
 *(SORT_BY_NAME(.init_array.*))
 *(.init_array*)
 .init_array    0x0000000008001a20        0x4 c:/st/stm32cubeide_1.12.1/stm32cubeide/plugins/com.st.stm32cube.ide.mcu.externaltools.gnu-tools-for-stm32.10.3-2021.10.win32_1.0.200.202301161003/tools/bin/../lib/gcc/arm-none-eabi/10.3.1/thumb/v7e-m+fp/hard/crtbegin.o
                0x0000000008001a24                PROVIDE (__init_array_end = .)
                0x0000000008001a24                . = ALIGN (0x4)

.fini_array     0x0000000008001a24        0x4
                0x0000000008001a24                . = ALIGN (0x4)
                [!provide]                        PROVIDE (__fini_array_start = .)
 *(SORT_BY_NAME(.fini_array.*))
 *(.fini_array*)
 .fini_array    0x0000000008001a24        0x4 c:/st/stm32cubeide_1.12.1/stm32cubeide/plugins/com.st.stm32cube.ide.mcu.externaltools.gnu-tools-for-stm32.10.3-2021.10.win32_1.0.200.202301161003/tools/bin/../lib/gcc/arm-none-eabi/10.3.1/thumb/v7e-m+fp/hard/crtbegin.o
                [!provide]                        PROVIDE (__fini_array_end = .)
                0x0000000008001a28                . = ALIGN (0x4)
                0x0000000008001a28                _sidata = LOADADDR (.data)

.data           0x0000000020000000       0x18 load address 0x0000000008001a28
                0x0000000020000000                . = ALIGN (0x4)
                0x0000000020000000                _sdata = .
 *(.data)
 *(.data*)
 .data._ZZ10Game_StartP3LCDP6KeypadE8CheckWin
                0x0000000020000000        0xc ./Core/Src/game.o
 .data.SystemCoreClock
                0x000000002000000c        0x4 ./Core/Src/system_stm32f4xx.o
                0x000000002000000c                SystemCoreClock
 .data.uwTickPrio
                0x0000000020000010        0x4 ./Drivers/STM32F4xx_HAL_Driver/Src/stm32f4xx_hal.o
                0x0000000020000010                uwTickPrio
 .data.uwTickFreq
                0x0000000020000014        0x1 ./Drivers/STM32F4xx_HAL_Driver/Src/stm32f4xx_hal.o
                0x0000000020000014                uwTickFreq
 *(.RamFunc)
 *(.RamFunc*)
                0x0000000020000018                . = ALIGN (0x4)
 *fill*         0x0000000020000015        0x3 
                0x0000000020000018                _edata = .

.igot.plt       0x0000000020000018        0x0 load address 0x0000000008001a40
 .igot.plt      0x0000000020000018        0x0 c:/st/stm32cubeide_1.12.1/stm32cubeide/plugins/com.st.stm32cube.ide.mcu.externaltools.gnu-tools-for-stm32.10.3-2021.10.win32_1.0.200.202301161003/tools/bin/../lib/gcc/arm-none-eabi/10.3.1/thumb/v7e-m+fp/hard/crtbegin.o
                0x0000000020000018                . = ALIGN (0x4)

.bss            0x0000000020000018       0x74 load address 0x0000000008001a40
                0x0000000020000018                _sbss = .
                0x0000000020000018                __bss_start__ = _sbss
 *(.bss)
 .bss           0x0000000020000018       0x1c c:/st/stm32cubeide_1.12.1/stm32cubeide/plugins/com.st.stm32cube.ide.mcu.externaltools.gnu-tools-for-stm32.10.3-2021.10.win32_1.0.200.202301161003/tools/bin/../lib/gcc/arm-none-eabi/10.3.1/thumb/v7e-m+fp/hard/crtbegin.o
 *(.bss*)
 .bss.player    0x0000000020000034        0x1 ./Core/Src/game.o
                0x0000000020000034                player
 *fill*         0x0000000020000035        0x3 
 .bss._ZZ4mainE3lcd
                0x0000000020000038       0x30 ./Core/Src/main.o
 .bss._ZGVZ4mainE3lcd
                0x0000000020000068        0x4 ./Core/Src/main.o
 .bss._ZZ4mainE6keypad
                0x000000002000006c       0x18 ./Core/Src/main.o
 .bss._ZGVZ4mainE6keypad
                0x0000000020000084        0x4 ./Core/Src/main.o
 .bss.uwTick    0x0000000020000088        0x4 ./Drivers/STM32F4xx_HAL_Driver/Src/stm32f4xx_hal.o
                0x0000000020000088                uwTick
 *(COMMON)
                0x000000002000008c                . = ALIGN (0x4)
                0x000000002000008c                _ebss = .
                0x000000002000008c                __bss_end__ = _ebss

._user_heap_stack
                0x000000002000008c      0x604 load address 0x0000000008001a40
                0x0000000020000090                . = ALIGN (0x8)
 *fill*         0x000000002000008c        0x4 
                [!provide]                        PROVIDE (end = .)
                [!provide]                        PROVIDE (_end = .)
                0x0000000020000290                . = (. + _Min_Heap_Size)
 *fill*         0x0000000020000090      0x200 
                0x0000000020000690                . = (. + _Min_Stack_Size)
 *fill*         0x0000000020000290      0x400 
                0x0000000020000690                . = ALIGN (0x8)

/DISCARD/
 libc.a(*)
 libm.a(*)
 libgcc.a(*)

.ARM.attributes
                0x0000000000000000       0x30
 *(.ARM.attributes)
 .ARM.attributes
                0x0000000000000000       0x1e c:/st/stm32cubeide_1.12.1/stm32cubeide/plugins/com.st.stm32cube.ide.mcu.externaltools.gnu-tools-for-stm32.10.3-2021.10.win32_1.0.200.202301161003/tools/bin/../lib/gcc/arm-none-eabi/10.3.1/thumb/v7e-m+fp/hard/crti.o
 .ARM.attributes
                0x000000000000001e       0x34 c:/st/stm32cubeide_1.12.1/stm32cubeide/plugins/com.st.stm32cube.ide.mcu.externaltools.gnu-tools-for-stm32.10.3-2021.10.win32_1.0.200.202301161003/tools/bin/../lib/gcc/arm-none-eabi/10.3.1/thumb/v7e-m+fp/hard/crtbegin.o
 .ARM.attributes
                0x0000000000000052       0x34 ./Core/Src/game.o
 .ARM.attributes
                0x0000000000000086       0x34 ./Core/Src/keypad.o
 .ARM.attributes
                0x00000000000000ba       0x34 ./Core/Src/lcd.o
 .ARM.attributes
                0x00000000000000ee       0x34 ./Core/Src/main.o
 .ARM.attributes
                0x0000000000000122       0x34 ./Core/Src/system_stm32f4xx.o
 .ARM.attributes
                0x0000000000000156       0x21 ./Core/Startup/startup_stm32f446retx.o
 .ARM.attributes
                0x0000000000000177       0x34 ./Drivers/STM32F4xx_HAL_Driver/Src/stm32f4xx_hal.o
 .ARM.attributes
                0x00000000000001ab       0x34 ./Drivers/STM32F4xx_HAL_Driver/Src/stm32f4xx_hal_cortex.o
 .ARM.attributes
                0x00000000000001df       0x34 ./Drivers/STM32F4xx_HAL_Driver/Src/stm32f4xx_hal_gpio.o
 .ARM.attributes
                0x0000000000000213       0x34 c:/st/stm32cubeide_1.12.1/stm32cubeide/plugins/com.st.stm32cube.ide.mcu.externaltools.gnu-tools-for-stm32.10.3-2021.10.win32_1.0.200.202301161003/tools/bin/../lib/gcc/arm-none-eabi/10.3.1/../../../../arm-none-eabi/lib/thumb/v7e-m+fp/hard\libstdc++_nano.a(guard.o)
 .ARM.attributes
                0x0000000000000247       0x34 c:/st/stm32cubeide_1.12.1/stm32cubeide/plugins/com.st.stm32cube.ide.mcu.externaltools.gnu-tools-for-stm32.10.3-2021.10.win32_1.0.200.202301161003/tools/bin/../lib/gcc/arm-none-eabi/10.3.1/../../../../arm-none-eabi/lib/thumb/v7e-m+fp/hard\libc_nano.a(lib_a-init.o)
 .ARM.attributes
                0x000000000000027b       0x34 c:/st/stm32cubeide_1.12.1/stm32cubeide/plugins/com.st.stm32cube.ide.mcu.externaltools.gnu-tools-for-stm32.10.3-2021.10.win32_1.0.200.202301161003/tools/bin/../lib/gcc/arm-none-eabi/10.3.1/../../../../arm-none-eabi/lib/thumb/v7e-m+fp/hard\libc_nano.a(lib_a-memset.o)
 .ARM.attributes
                0x00000000000002af       0x1e c:/st/stm32cubeide_1.12.1/stm32cubeide/plugins/com.st.stm32cube.ide.mcu.externaltools.gnu-tools-for-stm32.10.3-2021.10.win32_1.0.200.202301161003/tools/bin/../lib/gcc/arm-none-eabi/10.3.1/thumb/v7e-m+fp/hard/crtn.o
OUTPUT(TicTacToe_game.elf elf32-littlearm)
LOAD linker stubs
LOAD c:/st/stm32cubeide_1.12.1/stm32cubeide/plugins/com.st.stm32cube.ide.mcu.externaltools.gnu-tools-for-stm32.10.3-2021.10.win32_1.0.200.202301161003/tools/bin/../lib/gcc/arm-none-eabi/10.3.1/../../../../arm-none-eabi/lib/thumb/v7e-m+fp/hard\libc.a
LOAD c:/st/stm32cubeide_1.12.1/stm32cubeide/plugins/com.st.stm32cube.ide.mcu.externaltools.gnu-tools-for-stm32.10.3-2021.10.win32_1.0.200.202301161003/tools/bin/../lib/gcc/arm-none-eabi/10.3.1/../../../../arm-none-eabi/lib/thumb/v7e-m+fp/hard\libm.a
LOAD c:/st/stm32cubeide_1.12.1/stm32cubeide/plugins/com.st.stm32cube.ide.mcu.externaltools.gnu-tools-for-stm32.10.3-2021.10.win32_1.0.200.202301161003/tools/bin/../lib/gcc/arm-none-eabi/10.3.1/thumb/v7e-m+fp/hard\libgcc.a

.debug_info     0x0000000000000000     0x4c19
 .debug_info    0x0000000000000000      0xa3b ./Core/Src/game.o
 .debug_info    0x0000000000000a3b      0x754 ./Core/Src/keypad.o
 .debug_info    0x000000000000118f      0xae6 ./Core/Src/lcd.o
 .debug_info    0x0000000000001c75      0xa5e ./Core/Src/main.o
 .debug_info    0x00000000000026d3      0x55b ./Core/Src/system_stm32f4xx.o
 .debug_info    0x0000000000002c2e       0x22 ./Core/Startup/startup_stm32f446retx.o
 .debug_info    0x0000000000002c50      0x9d2 ./Drivers/STM32F4xx_HAL_Driver/Src/stm32f4xx_hal.o
 .debug_info    0x0000000000003622      0xe39 ./Drivers/STM32F4xx_HAL_Driver/Src/stm32f4xx_hal_cortex.o
 .debug_info    0x000000000000445b      0x7be ./Drivers/STM32F4xx_HAL_Driver/Src/stm32f4xx_hal_gpio.o

.debug_abbrev   0x0000000000000000     0x13fc
 .debug_abbrev  0x0000000000000000      0x305 ./Core/Src/game.o
 .debug_abbrev  0x0000000000000305      0x2de ./Core/Src/keypad.o
 .debug_abbrev  0x00000000000005e3      0x2f8 ./Core/Src/lcd.o
 .debug_abbrev  0x00000000000008db      0x312 ./Core/Src/main.o
 .debug_abbrev  0x0000000000000bed      0x116 ./Core/Src/system_stm32f4xx.o
 .debug_abbrev  0x0000000000000d03       0x12 ./Core/Startup/startup_stm32f446retx.o
 .debug_abbrev  0x0000000000000d15      0x20d ./Drivers/STM32F4xx_HAL_Driver/Src/stm32f4xx_hal.o
 .debug_abbrev  0x0000000000000f22      0x316 ./Drivers/STM32F4xx_HAL_Driver/Src/stm32f4xx_hal_cortex.o
 .debug_abbrev  0x0000000000001238      0x1c4 ./Drivers/STM32F4xx_HAL_Driver/Src/stm32f4xx_hal_gpio.o

.debug_aranges  0x0000000000000000      0x3f8
 .debug_aranges
                0x0000000000000000       0x60 ./Core/Src/game.o
 .debug_aranges
                0x0000000000000060       0x40 ./Core/Src/keypad.o
 .debug_aranges
                0x00000000000000a0       0x80 ./Core/Src/lcd.o
 .debug_aranges
                0x0000000000000120       0x28 ./Core/Src/main.o
 .debug_aranges
                0x0000000000000148       0x28 ./Core/Src/system_stm32f4xx.o
 .debug_aranges
                0x0000000000000170       0x28 ./Core/Startup/startup_stm32f446retx.o
 .debug_aranges
                0x0000000000000198       0xf0 ./Drivers/STM32F4xx_HAL_Driver/Src/stm32f4xx_hal.o
 .debug_aranges
                0x0000000000000288      0x118 ./Drivers/STM32F4xx_HAL_Driver/Src/stm32f4xx_hal_cortex.o
 .debug_aranges
                0x00000000000003a0       0x58 ./Drivers/STM32F4xx_HAL_Driver/Src/stm32f4xx_hal_gpio.o

.debug_ranges   0x0000000000000000      0x370
 .debug_ranges  0x0000000000000000       0x50 ./Core/Src/game.o
 .debug_ranges  0x0000000000000050       0x30 ./Core/Src/keypad.o
 .debug_ranges  0x0000000000000080       0x70 ./Core/Src/lcd.o
 .debug_ranges  0x00000000000000f0       0x18 ./Core/Src/main.o
 .debug_ranges  0x0000000000000108       0x18 ./Core/Src/system_stm32f4xx.o
 .debug_ranges  0x0000000000000120       0x20 ./Core/Startup/startup_stm32f446retx.o
 .debug_ranges  0x0000000000000140       0xe0 ./Drivers/STM32F4xx_HAL_Driver/Src/stm32f4xx_hal.o
 .debug_ranges  0x0000000000000220      0x108 ./Drivers/STM32F4xx_HAL_Driver/Src/stm32f4xx_hal_cortex.o
 .debug_ranges  0x0000000000000328       0x48 ./Drivers/STM32F4xx_HAL_Driver/Src/stm32f4xx_hal_gpio.o

.debug_macro    0x0000000000000000    0x217de
 .debug_macro   0x0000000000000000      0x1dc ./Core/Src/game.o
 .debug_macro   0x00000000000001dc      0xb50 ./Core/Src/game.o
 .debug_macro   0x0000000000000d2c      0x28f ./Core/Src/game.o
 .debug_macro   0x0000000000000fbb       0x2e ./Core/Src/game.o
 .debug_macro   0x0000000000000fe9       0x28 ./Core/Src/game.o
 .debug_macro   0x0000000000001011       0x1c ./Core/Src/game.o
 .debug_macro   0x000000000000102d       0x22 ./Core/Src/game.o
 .debug_macro   0x000000000000104f       0x8e ./Core/Src/game.o
 .debug_macro   0x00000000000010dd       0x51 ./Core/Src/game.o
 .debug_macro   0x000000000000112e      0x103 ./Core/Src/game.o
 .debug_macro   0x0000000000001231       0x6a ./Core/Src/game.o
 .debug_macro   0x000000000000129b      0x1df ./Core/Src/game.o
 .debug_macro   0x000000000000147a       0x1c ./Core/Src/game.o
 .debug_macro   0x0000000000001496       0x22 ./Core/Src/game.o
 .debug_macro   0x00000000000014b8       0xd9 ./Core/Src/game.o
 .debug_macro   0x0000000000001591     0x102d ./Core/Src/game.o
 .debug_macro   0x00000000000025be      0x11f ./Core/Src/game.o
 .debug_macro   0x00000000000026dd    0x16749 ./Core/Src/game.o
 .debug_macro   0x0000000000018e26       0x6d ./Core/Src/game.o
 .debug_macro   0x0000000000018e93     0x367e ./Core/Src/game.o
 .debug_macro   0x000000000001c511      0x17b ./Core/Src/game.o
 .debug_macro   0x000000000001c68c       0x5c ./Core/Src/game.o
 .debug_macro   0x000000000001c6e8      0xc90 ./Core/Src/game.o
 .debug_macro   0x000000000001d378      0x9fe ./Core/Src/game.o
 .debug_macro   0x000000000001dd76      0x115 ./Core/Src/game.o
 .debug_macro   0x000000000001de8b      0x1a0 ./Core/Src/game.o
 .debug_macro   0x000000000001e02b       0xa5 ./Core/Src/game.o
 .debug_macro   0x000000000001e0d0      0x16d ./Core/Src/game.o
 .debug_macro   0x000000000001e23d      0x287 ./Core/Src/game.o
 .debug_macro   0x000000000001e4c4       0x5f ./Core/Src/game.o
 .debug_macro   0x000000000001e523      0x236 ./Core/Src/game.o
 .debug_macro   0x000000000001e759      0x132 ./Core/Src/game.o
 .debug_macro   0x000000000001e88b      0x29c ./Core/Src/game.o
 .debug_macro   0x000000000001eb27       0x2e ./Core/Src/game.o
 .debug_macro   0x000000000001eb55      0x11a ./Core/Src/game.o
 .debug_macro   0x000000000001ec6f       0xe8 ./Core/Src/game.o
 .debug_macro   0x000000000001ed57       0x89 ./Core/Src/game.o
 .debug_macro   0x000000000001ede0      0x126 ./Core/Src/game.o
 .debug_macro   0x000000000001ef06       0x16 ./Core/Src/game.o
 .debug_macro   0x000000000001ef1c      0x1ce ./Core/Src/keypad.o
 .debug_macro   0x000000000001f0ea       0x10 ./Core/Src/keypad.o
 .debug_macro   0x000000000001f0fa      0x1c9 ./Core/Src/lcd.o
 .debug_macro   0x000000000001f2c3      0x1dc ./Core/Src/main.o
 .debug_macro   0x000000000001f49f      0x1b0 ./Core/Src/system_stm32f4xx.o
 .debug_macro   0x000000000001f64f      0xa78 ./Core/Src/system_stm32f4xx.o
 .debug_macro   0x00000000000200c7     0x102d ./Core/Src/system_stm32f4xx.o
 .debug_macro   0x00000000000210f4      0x174 ./Core/Src/system_stm32f4xx.o
 .debug_macro   0x0000000000021268      0x210 ./Drivers/STM32F4xx_HAL_Driver/Src/stm32f4xx_hal.o
 .debug_macro   0x0000000000021478      0x1b0 ./Drivers/STM32F4xx_HAL_Driver/Src/stm32f4xx_hal_cortex.o
 .debug_macro   0x0000000000021628      0x1b6 ./Drivers/STM32F4xx_HAL_Driver/Src/stm32f4xx_hal_gpio.o

.debug_line     0x0000000000000000     0x4bec
 .debug_line    0x0000000000000000      0xa24 ./Core/Src/game.o
 .debug_line    0x0000000000000a24      0x9a7 ./Core/Src/keypad.o
 .debug_line    0x00000000000013cb      0x96e ./Core/Src/lcd.o
 .debug_line    0x0000000000001d39      0x6fa ./Core/Src/main.o
 .debug_line    0x0000000000002433      0x6fc ./Core/Src/system_stm32f4xx.o
 .debug_line    0x0000000000002b2f       0x88 ./Core/Startup/startup_stm32f446retx.o
 .debug_line    0x0000000000002bb7      0x962 ./Drivers/STM32F4xx_HAL_Driver/Src/stm32f4xx_hal.o
 .debug_line    0x0000000000003519      0xc11 ./Drivers/STM32F4xx_HAL_Driver/Src/stm32f4xx_hal_cortex.o
 .debug_line    0x000000000000412a      0xac2 ./Drivers/STM32F4xx_HAL_Driver/Src/stm32f4xx_hal_gpio.o

.debug_str      0x0000000000000000    0xc207a
 .debug_str     0x0000000000000000    0xc0922 ./Core/Src/game.o
                                      0xc0c4d (size before relaxing)
 .debug_str     0x00000000000c0922       0xe4 ./Core/Src/keypad.o
                                      0xc0987 (size before relaxing)
 .debug_str     0x00000000000c0a06      0x1da ./Core/Src/lcd.o
                                      0xc0b0f (size before relaxing)
 .debug_str     0x00000000000c0be0      0x220 ./Core/Src/main.o
                                      0xc0d1b (size before relaxing)
 .debug_str     0x00000000000c0e00      0x2df ./Core/Src/system_stm32f4xx.o
                                      0xc0314 (size before relaxing)
 .debug_str     0x00000000000c10df       0x36 ./Core/Startup/startup_stm32f446retx.o
                                         0x6c (size before relaxing)
 .debug_str     0x00000000000c1115      0xad6 ./Drivers/STM32F4xx_HAL_Driver/Src/stm32f4xx_hal.o
                                      0xc0ed9 (size before relaxing)
 .debug_str     0x00000000000c1beb      0x36f ./Drivers/STM32F4xx_HAL_Driver/Src/stm32f4xx_hal_cortex.o
                                      0xc0be7 (size before relaxing)
 .debug_str     0x00000000000c1f5a      0x120 ./Drivers/STM32F4xx_HAL_Driver/Src/stm32f4xx_hal_gpio.o
                                      0xc048f (size before relaxing)

.comment        0x0000000000000000       0x50
 .comment       0x0000000000000000       0x50 ./Core/Src/game.o
                                         0x51 (size before relaxing)
 .comment       0x0000000000000050       0x51 ./Core/Src/keypad.o
 .comment       0x0000000000000050       0x51 ./Core/Src/lcd.o
 .comment       0x0000000000000050       0x51 ./Core/Src/main.o
 .comment       0x0000000000000050       0x51 ./Core/Src/system_stm32f4xx.o
 .comment       0x0000000000000050       0x51 ./Drivers/STM32F4xx_HAL_Driver/Src/stm32f4xx_hal.o
 .comment       0x0000000000000050       0x51 ./Drivers/STM32F4xx_HAL_Driver/Src/stm32f4xx_hal_cortex.o
 .comment       0x0000000000000050       0x51 ./Drivers/STM32F4xx_HAL_Driver/Src/stm32f4xx_hal_gpio.o

.debug_frame    0x0000000000000000      0xea8
 .debug_frame   0x0000000000000000      0x168 ./Core/Src/game.o
 .debug_frame   0x0000000000000168       0xc8 ./Core/Src/keypad.o
 .debug_frame   0x0000000000000230      0x1ec ./Core/Src/lcd.o
 .debug_frame   0x000000000000041c       0x50 ./Core/Src/main.o
 .debug_frame   0x000000000000046c       0x58 ./Core/Src/system_stm32f4xx.o
 .debug_frame   0x00000000000004c4      0x374 ./Drivers/STM32F4xx_HAL_Driver/Src/stm32f4xx_hal.o
 .debug_frame   0x0000000000000838      0x498 ./Drivers/STM32F4xx_HAL_Driver/Src/stm32f4xx_hal_cortex.o
 .debug_frame   0x0000000000000cd0      0x14c ./Drivers/STM32F4xx_HAL_Driver/Src/stm32f4xx_hal_gpio.o
 .debug_frame   0x0000000000000e1c       0x40 c:/st/stm32cubeide_1.12.1/stm32cubeide/plugins/com.st.stm32cube.ide.mcu.externaltools.gnu-tools-for-stm32.10.3-2021.10.win32_1.0.200.202301161003/tools/bin/../lib/gcc/arm-none-eabi/10.3.1/../../../../arm-none-eabi/lib/thumb/v7e-m+fp/hard\libstdc++_nano.a(guard.o)
 .debug_frame   0x0000000000000e5c       0x2c c:/st/stm32cubeide_1.12.1/stm32cubeide/plugins/com.st.stm32cube.ide.mcu.externaltools.gnu-tools-for-stm32.10.3-2021.10.win32_1.0.200.202301161003/tools/bin/../lib/gcc/arm-none-eabi/10.3.1/../../../../arm-none-eabi/lib/thumb/v7e-m+fp/hard\libc_nano.a(lib_a-init.o)
 .debug_frame   0x0000000000000e88       0x20 c:/st/stm32cubeide_1.12.1/stm32cubeide/plugins/com.st.stm32cube.ide.mcu.externaltools.gnu-tools-for-stm32.10.3-2021.10.win32_1.0.200.202301161003/tools/bin/../lib/gcc/arm-none-eabi/10.3.1/../../../../arm-none-eabi/lib/thumb/v7e-m+fp/hard\libc_nano.a(lib_a-memset.o)
